> Task :desktopApp:checkKotlinGradlePluginConfigurationErrors SKIPPED
> Task :desktopApp:convertXmlValueResourcesForMain NO-SOURCE
> Task :desktopApp:copyNonXmlValueResourcesForMain NO-SOURCE
> Task :desktopApp:prepareComposeResourcesTaskForMain NO-SOURCE
> Task :desktopApp:generateResourceAccessorsForMain SKIPPED
> Task :desktopApp:generateActualResourceCollectorsForMain SKIPPED
> Task :desktopApp:generateComposeResClass SKIPPED
> Task :shared:kmpPartiallyResolvedDependenciesChecker
> Task :shared:checkKotlinGradlePluginConfigurationErrors SKIPPED
> Task :shared:convertXmlValueResourcesForCommonMain NO-SOURCE
> Task :shared:copyNonXmlValueResourcesForCommonMain NO-SOURCE
> Task :shared:prepareComposeResourcesTaskForCommonMain NO-SOURCE
> Task :shared:generateResourceAccessorsForCommonMain SKIPPED
> Task :shared:convertXmlValueResourcesForJvmMain NO-SOURCE
> Task :shared:copyNonXmlValueResourcesForJvmMain NO-SOURCE
> Task :shared:prepareComposeResourcesTaskForJvmMain NO-SOURCE
> Task :shared:generateResourceAccessorsForJvmMain SKIPPED
> Task :shared:generateActualResourceCollectorsForJvmMain SKIPPED
> Task :shared:generateComposeResClass SKIPPED
> Task :shared:generateExpectResourceCollectorsForCommonMain SKIPPED
> Task :shared:compileKotlinJvm UP-TO-DATE
> Task :shared:compileJvmMainJava NO-SOURCE
> Task :shared:assembleJvmMainResources UP-TO-DATE
> Task :shared:jvmProcessResources UP-TO-DATE
> Task :shared:processJvmMainResources SKIPPED
> Task :shared:jvmMainClasses UP-TO-DATE
> Task :shared:jvmJar UP-TO-DATE
> Task :desktopApp:compileKotlin UP-TO-DATE
> Task :desktopApp:compileJava NO-SOURCE
> Task :desktopApp:assembleMainResources UP-TO-DATE
> Task :desktopApp:processResources UP-TO-DATE
> Task :desktopApp:classes UP-TO-DATE
> Task :desktopApp:jar UP-TO-DATE
> Task :desktopApp:assemble UP-TO-DATE
> Task :desktopApp:convertXmlValueResourcesForTest NO-SOURCE
> Task :desktopApp:copyNonXmlValueResourcesForTest NO-SOURCE
> Task :desktopApp:prepareComposeResourcesTaskForTest NO-SOURCE
> Task :desktopApp:generateResourceAccessorsForTest SKIPPED
> Task :desktopApp:compileTestKotlin NO-SOURCE
> Task :desktopApp:compileTestJava NO-SOURCE
> Task :desktopApp:assembleTestResources UP-TO-DATE
> Task :desktopApp:processTestResources UP-TO-DATE
> Task :desktopApp:testClasses UP-TO-DATE
> Task :desktopApp:test NO-SOURCE
> Task :desktopApp:check UP-TO-DATE
> Task :desktopApp:build UP-TO-DATE
> Task :shared:generateProjectStructureMetadata UP-TO-DATE
> Task :shared:allMetadataJar UP-TO-DATE
> Task :shared:assemble UP-TO-DATE
> Task :shared:convertXmlValueResourcesForCommonTest NO-SOURCE
> Task :shared:copyNonXmlValueResourcesForCommonTest NO-SOURCE
> Task :shared:prepareComposeResourcesTaskForCommonTest NO-SOURCE
> Task :shared:generateResourceAccessorsForCommonTest SKIPPED
> Task :shared:convertXmlValueResourcesForJvmTest NO-SOURCE
> Task :shared:copyNonXmlValueResourcesForJvmTest NO-SOURCE
> Task :shared:prepareComposeResourcesTaskForJvmTest NO-SOURCE
> Task :shared:generateResourceAccessorsForJvmTest SKIPPED
> Task :shared:compileTestKotlinJvm UP-TO-DATE
> Task :shared:compileJvmTestJava NO-SOURCE
> Task :shared:assembleJvmTestResources UP-TO-DATE
> Task :shared:jvmTestProcessResources UP-TO-DATE
> Task :shared:processJvmTestResources SKIPPED
> Task :shared:jvmTestClasses UP-TO-DATE
> Task :shared:jvmTest UP-TO-DATE
> Task :shared:allTests UP-TO-DATE
> Task :shared:check UP-TO-DATE
> Task :shared:build UP-TO-DATE

BUILD SUCCESSFUL in 624ms
18 actionable tasks: 1 executed, 17 up-to-date
Consider enabling configuration cache to speed up this build: https://docs.gradle.org/9.3.0/userguide/configuration_cache_enabling.html
..case: exit=0 termination=timeout
..case: exit=0 termination=timeout
.case: exit=0 termination=None
.case: exit=7 termination=None
.case: exit=0 termination=None
.case: exit=None termination=None
..case: exit=-15 termination=timeout
.
----------------------------------------------------------------------
Ran 11 tests in 0.635s

OK

CHECK_EXIT=0
